Microchip MPLAB XC8 Compiler V1.44 ()

Linker command line:

--edf=C:\Program Files (x86)\Microchip\xc8\v1.44\dat\en_msgs.txt -cs \
  -h+dist/default/production\project_RFID.X.production.sym \
  --cmf=dist/default/production\project_RFID.X.production.cmf -z -Q18F8722 \
  -oC:\Users\Usuario\AppData\Local\Temp\siik.2 \
  -Mdist/default/production/project_RFID.X.production.map -E1 -ver=XC8 \
  -ASTACK=07Fh-0f5fh -pstack=STACK -ACODE=00h-01FFFFh -ACONST=00h-01FFFFh \
  -ASMALLCONST=01000h-010FFhx496 \
  -AMEDIUMCONST=01000h-0FFFFh,011000h-01FFFFh -ACOMRAM=01h-05Fh \
  -AABS1=00h-0F5Fh -ABIGRAM=01h-0F5Fh \
  -ARAM=060h-0FFh,0100h-01FFhx14,0F00h-0F5Fh -ABANK0=060h-0FFh \
  -ABANK1=0100h-01FFh -ABANK2=0200h-02FFh -ABANK3=0300h-03FFh \
  -ABANK4=0400h-04FFh -ABANK5=0500h-05FFh -ABANK6=0600h-06FFh \
  -ABANK7=0700h-07FFh -ABANK8=0800h-08FFh -ABANK9=0900h-09FFh \
  -ABANK10=0A00h-0AFFh -ABANK11=0B00h-0BFFh -ABANK12=0C00h-0CFFh \
  -ABANK13=0D00h-0DFFh -ABANK14=0E00h-0EFFh -ABANK15=0F00h-0F5Fh \
  -ASFR=0F60h-0FFFh -preset_vec=00h,intcode=08h,intcodelo,powerup,init \
  -pramtop=01000h -psmallconst=SMALLCONST -pmediumconst=MEDIUMCONST \
  -pconst=CONST -AFARRAM=00h-00h -ACONFIG=0300000h-030000Dh -pconfig=CONFIG \
  -AIDLOC=0200000h-0200007h -pidloc=IDLOC -AEEDATA=0F00000h-0F003FFh \
  -peeprom_data=EEDATA \
  -prdata=COMRAM,nvrram=COMRAM,nvbit=COMRAM,rbss=COMRAM,rbit=COMRAM \
  -pfarbss=FARRAM,fardata=FARRAM,nvFARRAM=FARRAM \
  -pintsave_regs=BIGRAM,bigbss=BIGRAM,bigdata=BIGRAM -pbss=RAM \
  -pidata=CODE,irdata=CODE,ibigdata=CODE,ifardata=CODE -prparam=COMRAM \
  C:\Users\Usuario\AppData\Local\Temp\siik.obj \
  dist/default/production\project_RFID.X.production.obj 

Object code version is 3.11

Machine type is 18F8722

Call graph: (short form)




                Name                               Link     Load   Length Selector   Space Scale
C:\Users\Usuario\AppData\Local\Temp\siik.obj
                init                                  E        E        4        4       0
                reset_vec                             0        0        4        0       0
                idloc                            200000   200000        8   200000       0
                config                           300000   300000        E   300000       0
dist/default/production\project_RFID.X.production.obj
                intcode                               8        8        6        4       0
                temp                                 4B       4B        1        1       1
                intcode_body                         EA       EA       A2        4       0
                text11                              466      466        C        4       0
                text10                              3B0      3B0       28        4       0
                text9                               472      472        8        4       0
                text8                                12       12       D8        4       0
                text7                               432      432       1C        4       0
                text6                               416      416       1C        4       0
                text5                               224      224       92        4       0
                text4                               2B6      2B6       74        4       0
                text3                               3F8      3F8       1E        4       0
                text2                               44E      44E       18        4       0
                text1                               18C      18C       98        4       0
                text0                               32A      32A       5A        4       0
                cstackCOMRAM                          1        1       29        1       1
                cstackBANK0                          60       60       1F       60       1
                dataCOMRAM                           2A       2A       20        1       1
                bssCOMRAM                            4A       4A        1        1       1
                cinit                               384      384       2C        4       0
                idataCOMRAM                         3D8      3D8       20        4       0

TOTAL           Name                               Link     Load   Length     Space
        CLASS   STACK          

        CLASS   CODE           
                intcode                               8        8        6         0
                init                                  E        E        4         0
                reset_vec                             0        0        4         0
                intcode_body                         EA       EA       A2         0
                text11                              466      466        C         0
                text10                              3B0      3B0       28         0
                text9                               472      472        8         0
                text8                                12       12       D8         0
                text7                               432      432       1C         0
                text6                               416      416       1C         0
                text5                               224      224       92         0
                text4                               2B6      2B6       74         0
                text3                               3F8      3F8       1E         0
                text2                               44E      44E       18         0
                text1                               18C      18C       98         0
                text0                               32A      32A       5A         0
                cinit                               384      384       2C         0
                idataCOMRAM                         3D8      3D8       20         0

        CLASS   CONST          

        CLASS   SMALLCONST     

        CLASS   MEDIUMCONST    

        CLASS   COMRAM         
                temp                                 4B       4B        1         1
                cstackCOMRAM                          1        1       29         1
                dataCOMRAM                           2A       2A       20         1
                bssCOMRAM                            4A       4A        1         1

        CLASS   ABS1           

        CLASS   BIGRAM         

        CLASS   RAM            

        CLASS   BANK0          
                cstackBANK0                          60       60       1F         1

        CLASS   BANK1          

        CLASS   BANK2          

        CLASS   BANK3          

        CLASS   BANK4          

        CLASS   BANK5          

        CLASS   BANK6          

        CLASS   BANK7          

        CLASS   BANK8          

        CLASS   BANK9          

        CLASS   BANK10         

        CLASS   BANK11         

        CLASS   BANK12         

        CLASS   BANK13         

        CLASS   BANK14         

        CLASS   BANK15         

        CLASS   SFR            

        CLASS   FARRAM         

        CLASS   CONFIG         
                config                           300000   300000        E         0

        CLASS   IDLOC          
                idloc                            200000   200000        8         0

        CLASS   EEDATA         



SEGMENTS        Name                           Load    Length   Top    Selector   Space  Class

                reset_vec                      000000  000004  000004         0       0  CODE    
                cstackCOMRAM                   000001  00004B  00004C         1       1  COMRAM  
                intcode                        000008  000472  00047A         4       0  CODE    
                cstackBANK0                    000060  00001F  00007F        60       1  BANK0   
                idloc                          200000  000008  200008    200000       0  IDLOC   
                config                         300000  00000E  30000E    300000       0  CONFIG  


UNUSED ADDRESS RANGES

        Name                Unused          Largest block    Delta
        BANK0            00007F-0000FF               81
        BANK1            000100-0001FF              100
        BANK10           000A00-000AFF              100
        BANK11           000B00-000BFF              100
        BANK12           000C00-000CFF              100
        BANK13           000D00-000DFF              100
        BANK14           000E00-000EFF              100
        BANK15           000F00-000F5F               60
        BANK2            000200-0002FF              100
        BANK3            000300-0003FF              100
        BANK4            000400-0004FF              100
        BANK5            000500-0005FF              100
        BANK6            000600-0006FF              100
        BANK7            000700-0007FF              100
        BANK8            000800-0008FF              100
        BANK9            000900-0009FF              100
        BIGRAM           00004C-00005F               14
                         00007F-000F5F              EE1
        CODE             000004-000007                4
                         00047A-01FFFF            1FB86
        COMRAM           00004C-00005F               14
        CONST            000004-000007                4
                         00047A-01FFFF            1FB86
        EEDATA           F00000-F003FF              400
        MEDIUMCONST      001000-00FFFF             F000
                         011000-01FFFF             F000
        RAM              00007F-000F5F              100
        SFR              000F60-000FFF               A0
        SMALLCONST       001000-01FFFF              100
        STACK            00007F-000F5F              EE1

                                  Symbol Table

SEND_RFID@command         cstackCOMRAM 000014
SEND_RFID@i               cstackCOMRAM 000017
SEND_RFID@length          cstackCOMRAM 000016
UART_Write@data           cstackCOMRAM 000013
_BAUDCON1bits             (abs)        000F7E
_INTCONbits               (abs)        000FF2
_LATD                     (abs)        000F8C
_PIR1bits                 (abs)        000F9E
_PORTD                    (abs)        000F83
_RCREG1                   (abs)        000FAE
_RCSTA1                   (abs)        000FAB
_RCSTA1bits               (abs)        000FAB
_SEND_RFID                text10       0003B0
_SPBRG1                   (abs)        000FAF
_T0CONbits                (abs)        000FD5
_TRISCbits                (abs)        000F94
_TRISD                    (abs)        000F95
_TXREG1                   (abs)        000FAD
_TXSTA1                   (abs)        000FAC
_TXSTA1bits               (abs)        000FAC
_UART_Read                text9        000472
_UART_Write               text11       000466
__CFG_FCMEN$OFF           (abs)        000000
__CFG_LVP$OFF             (abs)        000000
__CFG_OSC$HS              (abs)        000000
__CFG_WDT$OFF             (abs)        000000
__HRAM                    (abs)        000000
__Habs1                   abs1         000000
__Hbank0                  bank0        000000
__Hbank1                  bank1        000000
__Hbank10                 bank10       000000
__Hbank11                 bank11       000000
__Hbank12                 bank12       000000
__Hbank13                 bank13       000000
__Hbank14                 bank14       000000
__Hbank15                 bank15       000000
__Hbank2                  bank2        000000
__Hbank3                  bank3        000000
__Hbank4                  bank4        000000
__Hbank5                  bank5        000000
__Hbank6                  bank6        000000
__Hbank7                  bank7        000000
__Hbank8                  bank8        000000
__Hbank9                  bank9        000000
__Hbigbss                 bigbss       000000
__Hbigdata                bigdata      000000
__Hbigram                 bigram       000000
__Hbss                    bss          000000
__HbssCOMRAM              bssCOMRAM    000000
__Hcinit                  cinit        000000
__Hclrtext                clrtext      000000
__Hcomram                 comram       000000
__Hconfig                 config       30000E
__Hconst                  const        000000
__HcstackBANK0            cstackBANK0  000000
__HcstackCOMRAM           cstackCOMRAM 000000
__Hdata                   data         000000
__HdataCOMRAM             dataCOMRAM   000000
__Heeprom_data            eeprom_data  000000
__Hfarbss                 farbss       000000
__Hfardata                fardata      000000
__Hibigdata               ibigdata     000000
__Hidata                  idata        000000
__HidataCOMRAM            idataCOMRAM  000000
__Hidloc                  idloc        200008
__Hifardata               ifardata     000000
__Hinit                   init         000012
__Hintcode                intcode      00000E
__Hintcode_body           intcode_body 000000
__Hintcodelo              intcodelo    00000E
__Hintentry               intentry     000000
__Hintret                 intret       000000
__Hintsave_regs           intsave_regs 000000
__Hirdata                 irdata       000000
__Hmediumconst            mediumconst  000000
__HnvFARRAM               nvFARRAM     000000
__Hnvbit                  nvbit        000000
__Hnvrram                 nvrram       000000
__Hparam                  rparam       000000
__Hpowerup                powerup      00000E
__Hram                    ram          000000
__Hramtop                 ramtop       001000
__Hrbit                   rbit         000000
__Hrbss                   rbss         000000
__Hrdata                  rdata        000000
__Hreset_vec              reset_vec    000004
__Hrparam                 rparam       000000
__Hsfr                    sfr          000000
__Hsmallconst             smallconst   000000
__Hspace_0                (abs)        30000E
__Hspace_1                (abs)        00007F
__Hspace_2                (abs)        000000
__Hstack                  stack        000000
__Hstruct                 struct       000000
__Htemp                   temp         00004C
__Htext                   text         000000
__Htext0                  text0        000000
__Htext1                  text1        000000
__Htext10                 text10       000000
__Htext11                 text11       000000
__Htext2                  text2        000000
__Htext3                  text3        000000
__Htext4                  text4        000000
__Htext5                  text5        000000
__Htext6                  text6        000000
__Htext7                  text7        000000
__Htext8                  text8        000000
__Htext9                  text9        000000
__LRAM                    (abs)        000001
__Labs1                   abs1         000000
__Lbank0                  bank0        000000
__Lbank1                  bank1        000000
__Lbank10                 bank10       000000
__Lbank11                 bank11       000000
__Lbank12                 bank12       000000
__Lbank13                 bank13       000000
__Lbank14                 bank14       000000
__Lbank15                 bank15       000000
__Lbank2                  bank2        000000
__Lbank3                  bank3        000000
__Lbank4                  bank4        000000
__Lbank5                  bank5        000000
__Lbank6                  bank6        000000
__Lbank7                  bank7        000000
__Lbank8                  bank8        000000
__Lbank9                  bank9        000000
__Lbigbss                 bigbss       000000
__Lbigdata                bigdata      000000
__Lbigram                 bigram       000000
__Lbss                    bss          000000
__LbssCOMRAM              bssCOMRAM    000000
__Lcinit                  cinit        000000
__Lclrtext                clrtext      000000
__Lcomram                 comram       000000
__Lconfig                 config       300000
__Lconst                  const        000000
__LcstackBANK0            cstackBANK0  000000
__LcstackCOMRAM           cstackCOMRAM 000000
__Ldata                   data         000000
__LdataCOMRAM             dataCOMRAM   000000
__Leeprom_data            eeprom_data  000000
__Lfarbss                 farbss       000000
__Lfardata                fardata      000000
__Libigdata               ibigdata     000000
__Lidata                  idata        000000
__LidataCOMRAM            idataCOMRAM  000000
__Lidloc                  idloc        200000
__Lifardata               ifardata     000000
__Linit                   init         00000E
__Lintcode                intcode      000008
__Lintcode_body           intcode_body 000000
__Lintcodelo              intcodelo    00000E
__Lintentry               intentry     000000
__Lintret                 intret       000000
__Lintsave_regs           intsave_regs 000000
__Lirdata                 irdata       000000
__Lmediumconst            mediumconst  000000
__LnvFARRAM               nvFARRAM     000000
__Lnvbit                  nvbit        000000
__Lnvrram                 nvrram       000000
__Lparam                  rparam       000000
__Lpowerup                powerup      00000E
__Lram                    ram          000000
__Lramtop                 ramtop       001000
__Lrbit                   rbit         000000
__Lrbss                   rbss         000000
__Lrdata                  rdata        000000
__Lreset_vec              reset_vec    000000
__Lrparam                 rparam       000000
__Lsfr                    sfr          000000
__Lsmallconst             smallconst   000000
__Lspace_0                (abs)        000000
__Lspace_1                (abs)        000000
__Lspace_2                (abs)        000000
__Lstack                  stack        000000
__Lstruct                 struct       000000
__Ltemp                   temp         00004B
__Ltext                   text         000000
__Ltext0                  text0        000000
__Ltext1                  text1        000000
__Ltext10                 text10       000000
__Ltext11                 text11       000000
__Ltext2                  text2        000000
__Ltext3                  text3        000000
__Ltext4                  text4        000000
__Ltext5                  text5        000000
__Ltext6                  text6        000000
__Ltext7                  text7        000000
__Ltext8                  text8        000000
__Ltext9                  text9        000000
__S0                      (abs)        30000E
__S1                      (abs)        00007F
__S2                      (abs)        000000
___extmem_base            (abs)        020000
___inthi_sp               stack        000000
___intlo_sp               stack        000000
___param_bank             (abs)        000000
___rparam_used            (abs)        000001
___sp                     stack        000000
__accesstop               (abs)        000060
__activetblptr            (abs)        000000
__end_of_SEND_RFID        text10       0003D8
__end_of_UART_Read        text9        00047A
__end_of_UART_Write       text11       000472
__end_of__initialization  cinit        0003A6
__end_of_calibration      text8        0000EA
__end_of_echo             text6        000432
__end_of_get_NFC_tag      text5        0002B6
__end_of_identity         text4        00032A
__end_of_init_uart1       text3        000416
__end_of_int_timer        text2        000466
__end_of_isr              intcode_body 00018C
__end_of_main             text0        000384
__end_of_read_echo        text7        00044E
__end_of_select_protocol  text1        000224
__initialization          cinit        000384
__mediumconst             mediumconst  000000
__pbssCOMRAM              bssCOMRAM    00004A
__pcinit                  cinit        000384
__pcstackBANK0            cstackBANK0  000060
__pcstackCOMRAM           cstackCOMRAM 000001
__pdataCOMRAM             dataCOMRAM   00002A
__pidataCOMRAM            idataCOMRAM  0003D8
__pintcode                intcode      000008
__pintcode_body           intcode_body 0000EA
__ptext0                  text0        00032A
__ptext1                  text1        00018C
__ptext10                 text10       0003B0
__ptext11                 text11       000466
__ptext2                  text2        00044E
__ptext3                  text3        0003F8
__ptext4                  text4        0002B6
__ptext5                  text5        000224
__ptext6                  text6        000416
__ptext7                  text7        000432
__ptext8                  text8        000012
__ptext9                  text9        000472
__ramtop                  ramtop       001000
__size_of_SEND_RFID       (abs)        000000
__size_of_UART_Read       (abs)        000000
__size_of_UART_Write      (abs)        000000
__size_of_calibration     (abs)        000000
__size_of_echo            (abs)        000000
__size_of_get_NFC_tag     (abs)        000000
__size_of_identity        (abs)        000000
__size_of_init_uart1      (abs)        000000
__size_of_int_timer       (abs)        000000
__size_of_isr             (abs)        000000
__size_of_main            (abs)        000000
__size_of_read_echo       (abs)        000000
__size_of_select_protocol (abs)        000000
__smallconst              smallconst   000000
_calibration              text8        000012
_echo                     text6        000416
_flag_tmr0                bssCOMRAM    00004A
_get_NFC_tag              text5        000224
_identity                 text4        0002B6
_init_uart1               text3        0003F8
_int_timer                text2        00044E
_isr                      intcode      000008
_main                     text0        00032A
_read_echo                text7        000432
_select_protocol          text1        00018C
btemp                     temp         00004B
calibration@F5717         dataCOMRAM   00002A
calibration@F5720         dataCOMRAM   00003A
calibration@command       cstackBANK0  000060
calibration@i             cstackBANK0  00007B
calibration@j             cstackBANK0  00007D
calibration@power_values  cstackBANK0  000070
calibration@response      cstackBANK0  000078
echo@command              cstackCOMRAM 000015
echo@data                 cstackCOMRAM 000014
end_of_initialization     cinit        0003A6
get_NFC_tag@F5732         dataCOMRAM   000042
get_NFC_tag@command1      cstackCOMRAM 00001A
get_NFC_tag@i             cstackCOMRAM 000020
get_NFC_tag@response      cstackCOMRAM 00001E
identity@code             cstackCOMRAM 000025
identity@i                cstackCOMRAM 000027
identity@identity_data    cstackCOMRAM 000015
identity@length           cstackCOMRAM 000026
int$flags                 temp         00004B
int_func                  intcode_body 0000EA
intlevel0                 text         000000
intlevel1                 text         000000
intlevel2                 text         000000
intlevel3                 text         000000
main@instruction          cstackCOMRAM 000029
select_protocol@F5726     dataCOMRAM   000046
select_protocol@command   cstackCOMRAM 00001A
select_protocol@i         cstackCOMRAM 000020
select_protocol@response  cstackCOMRAM 00001E
stackhi                   (abs)        000F5F
stacklo                   (abs)        00007F
start                     init         00000E
start_initialization      cinit        000384
wtemp6                    temp         00004C


FUNCTION INFORMATION:

 *************** function _main *****************
 Defined at:
		line 280 in file "main.c"
 Parameters:    Size  Location     Type
		None
 Auto vars:     Size  Location     Type
  instruction     1   40[COMRAM] unsigned char 
 Return value:  Size  Location     Type
                  2  135[None  ] int 
 Registers used:
		wreg, fsr1l, fsr1h, fsr2l, fsr2h, status,2, status,0, prodl, prodh, cstack
 Tracked objects:
		On entry : 
		On exit  : 
		Unchanged: 
 Data sizes:     COMRAM   BANK0   BANK1   BANK2   BANK3   BANK4   BANK5   BANK6   BANK7   BANK8   BANK9  BANK10  BANK11  BANK12  BANK13  BANK14  BANK15
      Params:         0       0       0       0       0       0       0       0       0       0       0       0       0       0       0       0       0
      Locals:         1       0       0       0       0       0       0       0       0       0       0       0       0       0       0       0       0
      Temps:          1       0       0       0       0       0       0       0       0       0       0       0       0       0       0       0       0
      Totals:         2       0       0       0       0       0       0       0       0       0       0       0       0       0       0       0       0
Total ram usage:        2 bytes
 Hardware stack levels required when called:    4
 This function calls:
		_calibration
		_echo
		_get_NFC_tag
		_identity
		_init_uart1
		_int_timer
		_select_protocol
 This function is called by:
		Startup code after reset
 This function uses a non-reentrant model


 *************** function _select_protocol *****************
 Defined at:
		line 203 in file "main.c"
 Parameters:    Size  Location     Type
		None
 Auto vars:     Size  Location     Type
  i               2   31[COMRAM] int 
  command         4   25[COMRAM] unsigned char [4]
  response        2   29[COMRAM] unsigned char [2]
 Return value:  Size  Location     Type
                  1    wreg      void 
 Registers used:
		wreg, fsr2l, fsr2h, status,2, status,0, prodl, prodh, cstack
 Tracked objects:
		On entry : 
		On exit  : 
		Unchanged: 
 Data sizes:     COMRAM   BANK0   BANK1   BANK2   BANK3   BANK4   BANK5   BANK6   BANK7   BANK8   BANK9  BANK10  BANK11  BANK12  BANK13  BANK14  BANK15
      Params:         0       0       0       0       0       0       0       0       0       0       0       0       0       0       0       0       0
      Locals:         8       0       0       0       0       0       0       0       0       0       0       0       0       0       0       0       0
      Temps:          2       0       0       0       0       0       0       0       0       0       0       0       0       0       0       0       0
      Totals:        10       0       0       0       0       0       0       0       0       0       0       0       0       0       0       0       0
Total ram usage:       10 bytes
 Hardware stack levels used:    1
 Hardware stack levels required when called:    3
 This function calls:
		_SEND_RFID
		_UART_Read
 This function is called by:
		_main
 This function uses a non-reentrant model


 *************** function _int_timer *****************
 Defined at:
		line 40 in file "main.c"
 Parameters:    Size  Location     Type
		None
 Auto vars:     Size  Location     Type
		None
 Return value:  Size  Location     Type
                  1    wreg      void 
 Registers used:
		wreg, status,2
 Tracked objects:
		On entry : 
		On exit  : 
		Unchanged: 
 Data sizes:     COMRAM   BANK0   BANK1   BANK2   BANK3   BANK4   BANK5   BANK6   BANK7   BANK8   BANK9  BANK10  BANK11  BANK12  BANK13  BANK14  BANK15
      Params:         0       0       0       0       0       0       0       0       0       0       0       0       0       0       0       0       0
      Locals:         0       0       0       0       0       0       0       0       0       0       0       0       0       0       0       0       0
      Temps:          0       0       0       0       0       0       0       0       0       0       0       0       0       0       0       0       0
      Totals:         0       0       0       0       0       0       0       0       0       0       0       0       0       0       0       0       0
Total ram usage:        0 bytes
 Hardware stack levels used:    1
 Hardware stack levels required when called:    1
 This function calls:
		Nothing
 This function is called by:
		_main
 This function uses a non-reentrant model


 *************** function _init_uart1 *****************
 Defined at:
		line 64 in file "main.c"
 Parameters:    Size  Location     Type
		None
 Auto vars:     Size  Location     Type
		None
 Return value:  Size  Location     Type
                  1    wreg      void 
 Registers used:
		wreg, status,2
 Tracked objects:
		On entry : 
		On exit  : 
		Unchanged: 
 Data sizes:     COMRAM   BANK0   BANK1   BANK2   BANK3   BANK4   BANK5   BANK6   BANK7   BANK8   BANK9  BANK10  BANK11  BANK12  BANK13  BANK14  BANK15
      Params:         0       0       0       0       0       0       0       0       0       0       0       0       0       0       0       0       0
      Locals:         0       0       0       0       0       0       0       0       0       0       0       0       0       0       0       0       0
      Temps:          0       0       0       0       0       0       0       0       0       0       0       0       0       0       0       0       0
      Totals:         0       0       0       0       0       0       0       0       0       0       0       0       0       0       0       0       0
Total ram usage:        0 bytes
 Hardware stack levels used:    1
 Hardware stack levels required when called:    1
 This function calls:
		Nothing
 This function is called by:
		_main
 This function uses a non-reentrant model


 *************** function _identity *****************
 Defined at:
		line 143 in file "main.c"
 Parameters:    Size  Location     Type
		None
 Auto vars:     Size  Location     Type
  identity_dat   16   20[COMRAM] unsigned char [16]
  i               1   38[COMRAM] unsigned char 
  length          1   37[COMRAM] unsigned char 
  code            1   36[COMRAM] unsigned char 
 Return value:  Size  Location     Type
                  1    wreg      void 
 Registers used:
		wreg, fsr2l, fsr2h, status,2, status,0, prodl, prodh, cstack
 Tracked objects:
		On entry : 
		On exit  : 
		Unchanged: 
 Data sizes:     COMRAM   BANK0   BANK1   BANK2   BANK3   BANK4   BANK5   BANK6   BANK7   BANK8   BANK9  BANK10  BANK11  BANK12  BANK13  BANK14  BANK15
      Params:         0       0       0       0       0       0       0       0       0       0       0       0       0       0       0       0       0
      Locals:        19       0       0       0       0       0       0       0       0       0       0       0       0       0       0       0       0
      Temps:          1       0       0       0       0       0       0       0       0       0       0       0       0       0       0       0       0
      Totals:        20       0       0       0       0       0       0       0       0       0       0       0       0       0       0       0       0
Total ram usage:       20 bytes
 Hardware stack levels used:    1
 Hardware stack levels required when called:    2
 This function calls:
		_UART_Read
		_UART_Write
 This function is called by:
		_main
 This function uses a non-reentrant model


 *************** function _get_NFC_tag *****************
 Defined at:
		line 234 in file "main.c"
 Parameters:    Size  Location     Type
		None
 Auto vars:     Size  Location     Type
  i               2   31[COMRAM] int 
  command1        4   25[COMRAM] unsigned char [4]
  response        2   29[COMRAM] unsigned char [2]
 Return value:  Size  Location     Type
                  1    wreg      void 
 Registers used:
		wreg, fsr2l, fsr2h, status,2, status,0, prodl, prodh, cstack
 Tracked objects:
		On entry : 
		On exit  : 
		Unchanged: 
 Data sizes:     COMRAM   BANK0   BANK1   BANK2   BANK3   BANK4   BANK5   BANK6   BANK7   BANK8   BANK9  BANK10  BANK11  BANK12  BANK13  BANK14  BANK15
      Params:         0       0       0       0       0       0       0       0       0       0       0       0       0       0       0       0       0
      Locals:         8       0       0       0       0       0       0       0       0       0       0       0       0       0       0       0       0
      Temps:          2       0       0       0       0       0       0       0       0       0       0       0       0       0       0       0       0
      Totals:        10       0       0       0       0       0       0       0       0       0       0       0       0       0       0       0       0
Total ram usage:       10 bytes
 Hardware stack levels used:    1
 Hardware stack levels required when called:    3
 This function calls:
		_SEND_RFID
		_UART_Read
 This function is called by:
		_main
 This function uses a non-reentrant model


 *************** function _echo *****************
 Defined at:
		line 117 in file "main.c"
 Parameters:    Size  Location     Type
		None
 Auto vars:     Size  Location     Type
  command         1   20[COMRAM] unsigned char 
  data            1   19[COMRAM] unsigned char 
 Return value:  Size  Location     Type
                  1    wreg      unsigned char 
 Registers used:
		wreg, status,2, status,0, cstack
 Tracked objects:
		On entry : 
		On exit  : 
		Unchanged: 
 Data sizes:     COMRAM   BANK0   BANK1   BANK2   BANK3   BANK4   BANK5   BANK6   BANK7   BANK8   BANK9  BANK10  BANK11  BANK12  BANK13  BANK14  BANK15
      Params:         0       0       0       0       0       0       0       0       0       0       0       0       0       0       0       0       0
      Locals:         2       0       0       0       0       0       0       0       0       0       0       0       0       0       0       0       0
      Temps:          0       0       0       0       0       0       0       0       0       0       0       0       0       0       0       0       0
      Totals:         2       0       0       0       0       0       0       0       0       0       0       0       0       0       0       0       0
Total ram usage:        2 bytes
 Hardware stack levels used:    1
 Hardware stack levels required when called:    2
 This function calls:
		_UART_Write
		_read_echo
 This function is called by:
		_main
 This function uses a non-reentrant model


 *************** function _read_echo *****************
 Defined at:
		line 100 in file "main.c"
 Parameters:    Size  Location     Type
		None
 Auto vars:     Size  Location     Type
		None
 Return value:  Size  Location     Type
                  1    wreg      unsigned char 
 Registers used:
		wreg, status,2, status,0
 Tracked objects:
		On entry : 
		On exit  : 
		Unchanged: 
 Data sizes:     COMRAM   BANK0   BANK1   BANK2   BANK3   BANK4   BANK5   BANK6   BANK7   BANK8   BANK9  BANK10  BANK11  BANK12  BANK13  BANK14  BANK15
      Params:         0       0       0       0       0       0       0       0       0       0       0       0       0       0       0       0       0
      Locals:         0       0       0       0       0       0       0       0       0       0       0       0       0       0       0       0       0
      Temps:          0       0       0       0       0       0       0       0       0       0       0       0       0       0       0       0       0
      Totals:         0       0       0       0       0       0       0       0       0       0       0       0       0       0       0       0       0
Total ram usage:        0 bytes
 Hardware stack levels used:    1
 Hardware stack levels required when called:    1
 This function calls:
		Nothing
 This function is called by:
		_echo
 This function uses a non-reentrant model


 *************** function _calibration *****************
 Defined at:
		line 170 in file "main.c"
 Parameters:    Size  Location     Type
		None
 Auto vars:     Size  Location     Type
  j               2   29[BANK0 ] int 
  i               2   27[BANK0 ] int 
  command        16    0[BANK0 ] unsigned char [16]
  power_values    8   16[BANK0 ] unsigned char [8]
  response        3   24[BANK0 ] unsigned char [3]
 Return value:  Size  Location     Type
                  1    wreg      void 
 Registers used:
		wreg, fsr1l, fsr1h, fsr2l, fsr2h, status,2, status,0, prodl, prodh, cstack
 Tracked objects:
		On entry : 
		On exit  : 
		Unchanged: 
 Data sizes:     COMRAM   BANK0   BANK1   BANK2   BANK3   BANK4   BANK5   BANK6   BANK7   BANK8   BANK9  BANK10  BANK11  BANK12  BANK13  BANK14  BANK15
      Params:         0       0       0       0       0       0       0       0       0       0       0       0       0       0       0       0       0
      Locals:         0      31       0       0       0       0       0       0       0       0       0       0       0       0       0       0       0
      Temps:          2       0       0       0       0       0       0       0       0       0       0       0       0       0       0       0       0
      Totals:         2      31       0       0       0       0       0       0       0       0       0       0       0       0       0       0       0
Total ram usage:       33 bytes
 Hardware stack levels used:    1
 Hardware stack levels required when called:    3
 This function calls:
		_SEND_RFID
		_UART_Read
 This function is called by:
		_main
 This function uses a non-reentrant model


 *************** function _UART_Read *****************
 Defined at:
		line 91 in file "main.c"
 Parameters:    Size  Location     Type
		None
 Auto vars:     Size  Location     Type
		None
 Return value:  Size  Location     Type
                  1    wreg      unsigned char 
 Registers used:
		wreg, status,2
 Tracked objects:
		On entry : 
		On exit  : 
		Unchanged: 
 Data sizes:     COMRAM   BANK0   BANK1   BANK2   BANK3   BANK4   BANK5   BANK6   BANK7   BANK8   BANK9  BANK10  BANK11  BANK12  BANK13  BANK14  BANK15
      Params:         0       0       0       0       0       0       0       0       0       0       0       0       0       0       0       0       0
      Locals:         0       0       0       0       0       0       0       0       0       0       0       0       0       0       0       0       0
      Temps:          0       0       0       0       0       0       0       0       0       0       0       0       0       0       0       0       0
      Totals:         0       0       0       0       0       0       0       0       0       0       0       0       0       0       0       0       0
Total ram usage:        0 bytes
 Hardware stack levels used:    1
 Hardware stack levels required when called:    1
 This function calls:
		Nothing
 This function is called by:
		_identity
		_calibration
		_select_protocol
		_get_NFC_tag
 This function uses a non-reentrant model


 *************** function _SEND_RFID *****************
 Defined at:
		line 131 in file "main.c"
 Parameters:    Size  Location     Type
  command         2   19[COMRAM] PTR unsigned char 
		 -> get_NFC_tag@command1(4), select_protocol@command(4), calibration@command(16), 
  length          1   21[COMRAM] unsigned char 
 Auto vars:     Size  Location     Type
  i               1   22[COMRAM] unsigned char 
 Return value:  Size  Location     Type
                  1    wreg      void 
 Registers used:
		wreg, fsr2l, fsr2h, status,2, status,0, prodl, prodh, cstack
 Tracked objects:
		On entry : 
		On exit  : 
		Unchanged: 
 Data sizes:     COMRAM   BANK0   BANK1   BANK2   BANK3   BANK4   BANK5   BANK6   BANK7   BANK8   BANK9  BANK10  BANK11  BANK12  BANK13  BANK14  BANK15
      Params:         3       0       0       0       0       0       0       0       0       0       0       0       0       0       0       0       0
      Locals:         1       0       0       0       0       0       0       0       0       0       0       0       0       0       0       0       0
      Temps:          0       0       0       0       0       0       0       0       0       0       0       0       0       0       0       0       0
      Totals:         4       0       0       0       0       0       0       0       0       0       0       0       0       0       0       0       0
Total ram usage:        4 bytes
 Hardware stack levels used:    1
 Hardware stack levels required when called:    2
 This function calls:
		_UART_Write
 This function is called by:
		_calibration
		_select_protocol
		_get_NFC_tag
 This function uses a non-reentrant model


 *************** function _UART_Write *****************
 Defined at:
		line 84 in file "main.c"
 Parameters:    Size  Location     Type
  data            1    wreg     unsigned char 
 Auto vars:     Size  Location     Type
  data            1   18[COMRAM] unsigned char 
 Return value:  Size  Location     Type
                  1    wreg      void 
 Registers used:
		wreg
 Tracked objects:
		On entry : 
		On exit  : 
		Unchanged: 
 Data sizes:     COMRAM   BANK0   BANK1   BANK2   BANK3   BANK4   BANK5   BANK6   BANK7   BANK8   BANK9  BANK10  BANK11  BANK12  BANK13  BANK14  BANK15
      Params:         0       0       0       0       0       0       0       0       0       0       0       0       0       0       0       0       0
      Locals:         1       0       0       0       0       0       0       0       0       0       0       0       0       0       0       0       0
      Temps:          0       0       0       0       0       0       0       0       0       0       0       0       0       0       0       0       0
      Totals:         1       0       0       0       0       0       0       0       0       0       0       0       0       0       0       0       0
Total ram usage:        1 bytes
 Hardware stack levels used:    1
 Hardware stack levels required when called:    1
 This function calls:
		Nothing
 This function is called by:
		_echo
		_SEND_RFID
		_identity
 This function uses a non-reentrant model


 *************** function _isr *****************
 Defined at:
		line 53 in file "main.c"
 Parameters:    Size  Location     Type
		None
 Auto vars:     Size  Location     Type
		None
 Return value:  Size  Location     Type
                  1    wreg      void 
 Registers used:
		wreg, status,2
 Tracked objects:
		On entry : 
		On exit  : 
		Unchanged: 
 Data sizes:     COMRAM   BANK0   BANK1   BANK2   BANK3   BANK4   BANK5   BANK6   BANK7   BANK8   BANK9  BANK10  BANK11  BANK12  BANK13  BANK14  BANK15
      Params:         0       0       0       0       0       0       0       0       0       0       0       0       0       0       0       0       0
      Locals:         0       0       0       0       0       0       0       0       0       0       0       0       0       0       0       0       0
      Temps:         18       0       0       0       0       0       0       0       0       0       0       0       0       0       0       0       0
      Totals:        18       0       0       0       0       0       0       0       0       0       0       0       0       0       0       0       0
Total ram usage:       18 bytes
 Hardware stack levels used:    1
 This function calls:
		Nothing
 This function is called by:
		Interrupt level 2
 This function uses a non-reentrant model



MODULE INFORMATION

Module		Function		Class		Link	Load	Size
shared
		__initialization		CODE           	0384	0000	35

shared estimated size: 35

main.c
		_identity      		CODE           	02B6	0000	117
		_get_NFC_tag   		CODE           	0224	0000	147
		_UART_Read     		CODE           	0472	0000	9
		_echo          		CODE           	0416	0000	29
		_main          		CODE           	032A	0000	91
		_SEND_RFID     		CODE           	03B0	0000	41
		_init_uart1    		CODE           	03F8	0000	31
		_read_echo     		CODE           	0432	0000	29
		_isr           		CODE           	0008	0000	169
		_select_protocol		CODE           	018C	0000	153
		_calibration   		CODE           	0012	0000	217
		_int_timer     		CODE           	044E	0000	25
		_UART_Write    		CODE           	0466	0000	13

main.c estimated size: 1071

